### Starting TaskPrologue of job 1647740 on tg093 at Tue May 26 10:25:59 AM CEST 2026
Running on cores 32-63 with governor ondemand
Tue May 26 10:25:59 2026       
+-----------------------------------------------------------------------------------------+
| NVIDIA-SMI 595.71.05              Driver Version: 595.71.05      CUDA Version: 13.2     |
+-----------------------------------------+------------------------+----------------------+
| GPU  Name                 Persistence-M | Bus-Id          Disp.A | Volatile Uncorr. ECC |
| Fan  Temp   Perf          Pwr:Usage/Cap |           Memory-Usage | GPU-Util  Compute M. |
|                                         |                        |               MIG M. |
|=========================================+========================+======================|
|   0  NVIDIA A100-SXM4-40GB          On  |   00000000:41:00.0 Off |                    0 |
| N/A   41C    P0             55W /  400W |       0MiB /  40960MiB |      0%      Default |
|                                         |                        |             Disabled |
+-----------------------------------------+------------------------+----------------------+

+-----------------------------------------------------------------------------------------+
| Processes:                                                                              |
|  GPU   GI   CI              PID   Type   Process name                        GPU Memory |
|        ID   ID                                                               Usage      |
|=========================================================================================|
|  No running processes found                                                             |
+-----------------------------------------------------------------------------------------+
### Finished TaskPrologue

==========================================
Running HR mode: periodic_bursting
Job ID: 1647740
Array task ID: 1
Python: /home/hpc/rlvl/rlvl177v/Thesis/.conda_env/bin/python
Python 3.12.13
==========================================

################################################################################
STARTING EXPERIMENT
################################################################################
[Main] dataset mode  = hr
[Main] HR mode       = periodic_bursting
[Main] output folder = outputs/periodic_bursting

========================================================================
LOADING DATA
========================================================================

[DataLoader] Generating Hindmarsh–Rose data
[DataLoader] HR mode: periodic_bursting
[DataLoader] HR input current I: 3.0
[DataLoader] Loaded HR: 150000 steps x 3 states
[DataLoader] Time: 0.00s to 1499.99s
[DataLoader] Preprocessing done
[DataLoader] Spike detection done — 73 HR x-spikes detected

========================================================
DATASET SUMMARY
========================================================
File              : /home/hpc/rlvl/rlvl177v/Thesis/DRG3_MdFoF.csv
Total samples     : 150000
Total neurons     : 3
Duration          : 25.00 min (1500 s)
First neuron      : hr_x
Last neuron       : hr_z
Split ratios      : train=0.70, val=0.15, test=0.15
Spike range       : 0–73 per neuron
Spike mean        : 24.3 per neuron
========================================================


First 3 neurons:
  [   0]  hr_x                 spikes: 73
  [   1]  hr_y                 spikes: 0
  [   2]  hr_z                 spikes: 0
… and 0 more.


========================================================================
MODEL SELECTION
========================================================================
Training series : hr_full_state
Input size      : 3

========================================================================
AUTO OPTIMIZER COMPARISON
========================================================================

======================================================================
HYPERPARAMETER OPTIMIZATION
======================================================================
Optimizer     : gp
Series        : hr_full_state
Input size    : 3
BO calls      : 30
Random starts : 8
Validation    : long recursive stability objective
======================================================================
[GP] iter   1/30 score=0.000624 best=0.000624 x_nrmse=0.000746 all_nrmse=0.000337 penalty=0.000 N=688 p=0.053 rho=0.918 leak=0.510 scale=0.290 ridge=3.2e-08 washout=257
[GP] iter   2/30 score=0.236305 best=0.000624 x_nrmse=0.282513 all_nrmse=0.128485 penalty=0.000 N=434 p=0.046 rho=0.841 leak=0.121 scale=0.444 ridge=4.9e-04 washout=50
[GP] iter   3/30 score=1000000.000000 best=0.000624 x_nrmse=1000000.000000 all_nrmse=1000000.000000 penalty=1000000.000 N=796 p=0.131 rho=0.817 leak=0.085 scale=0.053 ridge=4.2e-06 washout=230
[GP] iter   4/30 score=1.797105 best=0.000624 x_nrmse=1.992493 all_nrmse=1.341198 penalty=0.000 N=276 p=0.195 rho=0.590 leak=0.145 scale=0.386 ridge=8.2e-07 washout=492
[GP] iter   5/30 score=2.995184 best=0.000624 x_nrmse=1.776862 all_nrmse=1.624802 penalty=1.264 N=507 p=0.175 rho=0.858 leak=0.404 scale=0.047 ridge=5.1e-04 washout=303
[GP] iter   6/30 score=0.007073 best=0.000624 x_nrmse=0.006772 all_nrmse=0.007774 penalty=0.000 N=462 p=0.023 rho=0.589 leak=0.254 scale=0.423 ridge=1.1e-05 washout=425
[GP] iter   7/30 score=0.002675 best=0.000624 x_nrmse=0.003206 all_nrmse=0.001435 penalty=0.000 N=345 p=0.090 rho=0.559 leak=0.624 scale=0.278 ridge=1.1e-07 washout=305
[GP] iter   8/30 score=0.027800 best=0.000624 x_nrmse=0.033312 all_nrmse=0.014940 penalty=0.000 N=267 p=0.172 rho=0.720 leak=0.365 scale=0.559 ridge=4.3e-05 washout=197
[GP] iter   9/30 score=0.000095 best=0.000095 x_nrmse=0.000113 all_nrmse=0.000052 penalty=0.000 N=626 p=0.020 rho=0.450 leak=0.800 scale=0.600 ridge=1.0e-08 washout=500
[GP] iter  10/30 score=1000000.000000 best=0.000095 x_nrmse=1000000.000000 all_nrmse=1000000.000000 penalty=1000000.000 N=662 p=0.200 rho=1.050 leak=0.080 scale=0.040 ridge=1.0e-03 washout=50
[GP] iter  11/30 score=1.316195 best=0.000095 x_nrmse=1.378749 all_nrmse=1.170236 penalty=0.000 N=250 p=0.200 rho=1.050 leak=0.564 scale=0.040 ridge=1.0e-03 washout=283
[GP] iter  12/30 score=0.388164 best=0.000095 x_nrmse=0.316948 all_nrmse=0.554334 penalty=0.000 N=250 p=0.200 rho=0.796 leak=0.600 scale=0.535 ridge=7.4e-04 washout=480
[GP] iter  13/30 score=1.418907 best=0.000095 x_nrmse=1.494144 all_nrmse=1.243353 penalty=0.000 N=800 p=0.200 rho=1.050 leak=0.800 scale=0.411 ridge=1.0e-08 washout=50
[GP] iter  14/30 score=0.039645 best=0.000095 x_nrmse=0.040112 all_nrmse=0.038553 penalty=0.000 N=250 p=0.200 rho=1.050 leak=0.482 scale=0.127 ridge=1.0e-03 washout=50
[GP] iter  15/30 score=1000000.000000 best=0.000095 x_nrmse=1000000.000000 all_nrmse=1000000.000000 penalty=1000000.000 N=800 p=0.020 rho=0.450 leak=0.800 scale=0.040 ridge=1.0e-08 washout=500
[GP] iter  16/30 score=5.124631 best=0.000095 x_nrmse=2.981030 all_nrmse=2.275585 penalty=2.355 N=416 p=0.134 rho=0.627 leak=0.800 scale=0.062 ridge=6.9e-05 washout=471
[GP] iter  17/30 score=0.000071 best=0.000071 x_nrmse=0.000060 all_nrmse=0.000095 penalty=0.000 N=665 p=0.020 rho=0.901 leak=0.800 scale=0.405 ridge=1.0e-08 washout=403
[GP] iter  18/30 score=0.000481 best=0.000071 x_nrmse=0.000573 all_nrmse=0.000267 penalty=0.000 N=489 p=0.200 rho=1.050 leak=0.502 scale=0.210 ridge=1.0e-08 washout=50
[GP] iter  19/30 score=0.009764 best=0.000071 x_nrmse=0.011686 all_nrmse=0.005281 penalty=0.000 N=800 p=0.020 rho=0.450 leak=0.080 scale=0.600 ridge=1.0e-03 washout=500
[GP] iter  20/30 score=0.000584 best=0.000071 x_nrmse=0.000699 all_nrmse=0.000315 penalty=0.000 N=475 p=0.200 rho=0.450 leak=0.800 scale=0.600 ridge=1.0e-08 washout=500
[GP] iter  21/30 score=0.000189 best=0.000071 x_nrmse=0.000226 all_nrmse=0.000102 penalty=0.000 N=597 p=0.188 rho=0.450 leak=0.715 scale=0.322 ridge=1.0e-08 washout=500
[GP] iter  22/30 score=1000000.000000 best=0.000071 x_nrmse=1000000.000000 all_nrmse=1000000.000000 penalty=1000000.000 N=471 p=0.020 rho=1.050 leak=0.080 scale=0.064 ridge=1.0e-03 washout=500
[GP] iter  23/30 score=0.036057 best=0.000071 x_nrmse=0.033665 all_nrmse=0.041640 penalty=0.000 N=250 p=0.020 rho=0.450 leak=0.800 scale=0.211 ridge=1.0e-03 washout=500
[GP] iter  24/30 score=0.000488 best=0.000071 x_nrmse=0.000577 all_nrmse=0.000278 penalty=0.000 N=250 p=0.200 rho=0.976 leak=0.124 scale=0.565 ridge=2.6e-07 washout=50
[GP] iter  25/30 score=0.002018 best=0.000071 x_nrmse=0.002416 all_nrmse=0.001088 penalty=0.000 N=250 p=0.020 rho=0.450 leak=0.673 scale=0.463 ridge=2.5e-07 washout=500
[GP] iter  26/30 score=4.664790 best=0.000071 x_nrmse=2.861419 all_nrmse=1.989317 penalty=2.065 N=250 p=0.192 rho=0.450 leak=0.800 scale=0.040 ridge=1.0e-03 washout=500
[GP] iter  27/30 score=0.077818 best=0.000071 x_nrmse=0.093330 all_nrmse=0.041623 penalty=0.000 N=250 p=0.020 rho=0.450 leak=0.800 scale=0.600 ridge=4.8e-04 washout=500
[GP] iter  28/30 score=0.000128 best=0.000071 x_nrmse=0.000153 all_nrmse=0.000069 penalty=0.000 N=250 p=0.200 rho=0.450 leak=0.247 scale=0.441 ridge=1.0e-08 washout=500
[GP] iter  29/30 score=0.004748 best=0.000071 x_nrmse=0.005652 all_nrmse=0.002638 penalty=0.000 N=250 p=0.200 rho=0.460 leak=0.142 scale=0.507 ridge=1.7e-05 washout=500
[GP] iter  30/30 score=0.002244 best=0.000071 x_nrmse=0.002667 all_nrmse=0.001257 penalty=0.000 N=250 p=0.020 rho=0.450 leak=0.800 scale=0.381 ridge=1.1e-05 washout=500
[Save] -> outputs/periodic_bursting/best_params_gp.json

======================================================================
HYPERPARAMETER OPTIMIZATION
======================================================================
Optimizer     : dummy
Series        : hr_full_state
Input size    : 3
BO calls      : 30
Random starts : 8
Validation    : long recursive stability objective
======================================================================
[DUMMY] iter   1/30 score=0.000857 best=0.000857 x_nrmse=0.001027 all_nrmse=0.000460 penalty=0.000 N=447 p=0.120 rho=0.844 leak=0.679 scale=0.152 ridge=4.3e-08 washout=189
[DUMMY] iter   2/30 score=5.672943 best=0.000857 x_nrmse=3.845600 all_nrmse=2.195322 penalty=2.322 N=689 p=0.098 rho=0.681 leak=0.644 scale=0.480 ridge=6.5e-08 washout=361
[DUMMY] iter   3/30 score=0.472604 best=0.000857 x_nrmse=0.348087 all_nrmse=0.763144 penalty=0.000 N=581 p=0.080 rho=0.811 leak=0.712 scale=0.384 ridge=1.3e-06 washout=314
[DUMMY] iter   4/30 score=1000000.000000 best=0.000857 x_nrmse=1000000.000000 all_nrmse=1000000.000000 penalty=1000000.000 N=336 p=0.159 rho=0.975 leak=0.136 scale=0.058 ridge=3.4e-05 washout=343
[DUMMY] iter   5/30 score=0.002387 best=0.000857 x_nrmse=0.002842 all_nrmse=0.001325 penalty=0.000 N=602 p=0.192 rho=0.735 leak=0.475 scale=0.451 ridge=4.9e-06 washout=346
[DUMMY] iter   6/30 score=0.010804 best=0.000857 x_nrmse=0.012909 all_nrmse=0.005895 penalty=0.000 N=585 p=0.124 rho=0.556 leak=0.625 scale=0.571 ridge=2.4e-04 washout=461
[DUMMY] iter   7/30 score=0.002186 best=0.000857 x_nrmse=0.002585 all_nrmse=0.001255 penalty=0.000 N=501 p=0.092 rho=0.620 leak=0.786 scale=0.557 ridge=1.0e-06 washout=55
[DUMMY] iter   8/30 score=0.005132 best=0.000857 x_nrmse=0.006133 all_nrmse=0.002797 penalty=0.000 N=295 p=0.188 rho=0.541 leak=0.714 scale=0.599 ridge=8.7e-06 washout=410
[DUMMY] iter   9/30 score=0.000085 best=0.000085 x_nrmse=0.000101 all_nrmse=0.000049 penalty=0.000 N=715 p=0.074 rho=0.513 leak=0.147 scale=0.281 ridge=3.3e-08 washout=372
[DUMMY] iter  10/30 score=0.004089 best=0.000085 x_nrmse=0.002807 all_nrmse=0.007081 penalty=0.000 N=272 p=0.180 rho=0.794 leak=0.260 scale=0.256 ridge=7.3e-05 washout=85
[DUMMY] iter  11/30 score=3.967404 best=0.000085 x_nrmse=2.187624 all_nrmse=1.775056 penalty=1.904 N=788 p=0.159 rho=0.875 leak=0.293 scale=0.588 ridge=2.3e-04 washout=380
[DUMMY] iter  12/30 score=1.319432 best=0.000085 x_nrmse=1.451716 all_nrmse=1.010769 penalty=0.000 N=398 p=0.176 rho=0.964 leak=0.710 scale=0.300 ridge=5.6e-05 washout=134
[DUMMY] iter  13/30 score=0.530226 best=0.000085 x_nrmse=0.417866 all_nrmse=0.792400 penalty=0.000 N=586 p=0.041 rho=0.985 leak=0.179 scale=0.327 ridge=2.9e-05 washout=287
[DUMMY] iter  14/30 score=0.000702 best=0.000085 x_nrmse=0.000842 all_nrmse=0.000377 penalty=0.000 N=567 p=0.144 rho=0.496 leak=0.569 scale=0.435 ridge=4.9e-08 washout=345
[DUMMY] iter  15/30 score=0.004657 best=0.000085 x_nrmse=0.005551 all_nrmse=0.002571 penalty=0.000 N=384 p=0.035 rho=0.802 leak=0.363 scale=0.293 ridge=3.0e-06 washout=102
[DUMMY] iter  16/30 score=0.217278 best=0.000085 x_nrmse=0.209843 all_nrmse=0.234628 penalty=0.000 N=473 p=0.101 rho=0.827 leak=0.335 scale=0.103 ridge=1.5e-06 washout=178
[DUMMY] iter  17/30 score=0.000542 best=0.000085 x_nrmse=0.000513 all_nrmse=0.000609 penalty=0.000 N=606 p=0.022 rho=0.478 leak=0.672 scale=0.440 ridge=7.2e-06 washout=341
[DUMMY] iter  18/30 score=0.005996 best=0.000085 x_nrmse=0.005983 all_nrmse=0.006027 penalty=0.000 N=778 p=0.117 rho=0.595 leak=0.468 scale=0.211 ridge=1.1e-04 washout=66
[DUMMY] iter  19/30 score=0.000364 best=0.000085 x_nrmse=0.000434 all_nrmse=0.000201 penalty=0.000 N=355 p=0.171 rho=0.987 leak=0.706 scale=0.428 ridge=2.0e-08 washout=413
[DUMMY] iter  20/30 score=0.000674 best=0.000085 x_nrmse=0.000783 all_nrmse=0.000420 penalty=0.000 N=392 p=0.137 rho=0.718 leak=0.246 scale=0.242 ridge=5.5e-07 washout=146
[DUMMY] iter  21/30 score=0.009202 best=0.000085 x_nrmse=0.009598 all_nrmse=0.008277 penalty=0.000 N=472 p=0.080 rho=0.580 leak=0.697 scale=0.155 ridge=1.0e-05 washout=430
[DUMMY] iter  22/30 score=0.013820 best=0.000085 x_nrmse=0.016070 all_nrmse=0.008570 penalty=0.000 N=648 p=0.172 rho=0.867 leak=0.695 scale=0.090 ridge=2.2e-06 washout=295
[DUMMY] iter  23/30 score=0.015886 best=0.000085 x_nrmse=0.019040 all_nrmse=0.008526 penalty=0.000 N=682 p=0.058 rho=0.477 leak=0.548 scale=0.555 ridge=8.0e-05 washout=62
[DUMMY] iter  24/30 score=2.802557 best=0.000085 x_nrmse=1.825388 all_nrmse=1.347631 penalty=1.120 N=475 p=0.020 rho=0.831 leak=0.699 scale=0.497 ridge=5.3e-04 washout=478
[DUMMY] iter  25/30 score=0.011260 best=0.000085 x_nrmse=0.013462 all_nrmse=0.006123 penalty=0.000 N=475 p=0.168 rho=0.570 leak=0.137 scale=0.511 ridge=5.8e-04 washout=83
[DUMMY] iter  26/30 score=0.001823 best=0.000085 x_nrmse=0.002034 all_nrmse=0.001329 penalty=0.000 N=252 p=0.087 rho=0.780 leak=0.280 scale=0.468 ridge=2.1e-05 washout=55
[DUMMY] iter  27/30 score=0.025778 best=0.000085 x_nrmse=0.030838 all_nrmse=0.013971 penalty=0.000 N=546 p=0.022 rho=0.579 leak=0.147 scale=0.437 ridge=4.0e-04 washout=318
[DUMMY] iter  28/30 score=0.007034 best=0.000085 x_nrmse=0.006554 all_nrmse=0.008153 penalty=0.000 N=409 p=0.136 rho=0.746 leak=0.309 scale=0.135 ridge=1.2e-05 washout=245
[DUMMY] iter  29/30 score=0.110126 best=0.000085 x_nrmse=0.130969 all_nrmse=0.061492 penalty=0.000 N=614 p=0.104 rho=0.633 leak=0.579 scale=0.220 ridge=7.3e-04 washout=265
[DUMMY] iter  30/30 score=0.009968 best=0.000085 x_nrmse=0.011852 all_nrmse=0.005570 penalty=0.000 N=446 p=0.169 rho=0.458 leak=0.378 scale=0.316 ridge=1.0e-04 washout=236
[Save] -> outputs/periodic_bursting/best_params_dummy.json

======================================================================
HYPERPARAMETER OPTIMIZATION
======================================================================
Optimizer     : forest
Series        : hr_full_state
Input size    : 3
BO calls      : 30
Random starts : 8
Validation    : long recursive stability objective
======================================================================
[FOREST] iter   1/30 score=0.000911 best=0.000911 x_nrmse=0.001092 all_nrmse=0.000489 penalty=0.000 N=353 p=0.030 rho=0.839 leak=0.497 scale=0.229 ridge=3.4e-08 washout=389
[FOREST] iter   2/30 score=1.225863 best=0.000911 x_nrmse=1.261663 all_nrmse=1.142329 penalty=0.000 N=544 p=0.045 rho=0.791 leak=0.190 scale=0.307 ridge=1.4e-04 washout=172
[FOREST] iter   3/30 score=0.000057 best=0.000057 x_nrmse=0.000066 all_nrmse=0.000038 penalty=0.000 N=679 p=0.115 rho=0.487 leak=0.481 scale=0.336 ridge=1.4e-08 washout=153
[FOREST] iter   4/30 score=0.002788 best=0.000057 x_nrmse=0.003336 all_nrmse=0.001509 penalty=0.000 N=502 p=0.023 rho=0.967 leak=0.119 scale=0.520 ridge=1.8e-06 washout=271
[FOREST] iter   5/30 score=0.731121 best=0.000057 x_nrmse=0.616618 all_nrmse=0.998294 penalty=0.000 N=622 p=0.189 rho=0.767 leak=0.448 scale=0.584 ridge=3.6e-04 washout=91
[FOREST] iter   6/30 score=2.506408 best=0.000057 x_nrmse=1.564308 all_nrmse=1.314172 penalty=1.017 N=733 p=0.165 rho=0.833 leak=0.603 scale=0.473 ridge=2.0e-04 washout=495
[FOREST] iter   7/30 score=0.048219 best=0.000057 x_nrmse=0.057671 all_nrmse=0.026163 penalty=0.000 N=658 p=0.044 rho=0.720 leak=0.567 scale=0.206 ridge=1.2e-04 washout=156
[FOREST] iter   8/30 score=4.357101 best=0.000057 x_nrmse=2.793777 all_nrmse=1.767233 penalty=1.871 N=531 p=0.156 rho=0.790 leak=0.761 scale=0.473 ridge=1.4e-06 washout=422
[FOREST] iter   9/30 score=0.002601 best=0.000057 x_nrmse=0.003106 all_nrmse=0.001424 penalty=0.000 N=743 p=0.027 rho=0.834 leak=0.755 scale=0.171 ridge=6.7e-07 washout=464
[FOREST] iter  10/30 score=0.007129 best=0.000057 x_nrmse=0.006640 all_nrmse=0.008268 penalty=0.000 N=379 p=0.040 rho=0.613 leak=0.742 scale=0.085 ridge=4.1e-07 washout=377
[FOREST] iter  11/30 score=1.427387 best=0.000057 x_nrmse=1.546744 all_nrmse=1.148889 penalty=0.000 N=489 p=0.037 rho=0.962 leak=0.797 scale=0.558 ridge=7.3e-07 washout=414
[FOREST] iter  12/30 score=0.000449 best=0.000057 x_nrmse=0.000538 all_nrmse=0.000242 penalty=0.000 N=675 p=0.135 rho=0.829 leak=0.484 scale=0.149 ridge=1.9e-08 washout=401
[FOREST] iter  13/30 score=0.000566 best=0.000057 x_nrmse=0.000568 all_nrmse=0.000560 penalty=0.000 N=656 p=0.158 rho=0.888 leak=0.244 scale=0.121 ridge=4.8e-08 washout=407
[FOREST] iter  14/30 score=0.000411 best=0.000057 x_nrmse=0.000446 all_nrmse=0.000329 penalty=0.000 N=781 p=0.156 rho=0.991 leak=0.254 scale=0.097 ridge=1.5e-08 washout=479
[FOREST] iter  15/30 score=0.000518 best=0.000057 x_nrmse=0.000574 all_nrmse=0.000387 penalty=0.000 N=730 p=0.173 rho=0.856 leak=0.624 scale=0.085 ridge=2.0e-08 washout=495
[FOREST] iter  16/30 score=0.001533 best=0.000057 x_nrmse=0.001834 all_nrmse=0.000828 penalty=0.000 N=759 p=0.180 rho=0.766 leak=0.772 scale=0.156 ridge=1.3e-07 washout=428
[FOREST] iter  17/30 score=0.000338 best=0.000057 x_nrmse=0.000404 all_nrmse=0.000182 penalty=0.000 N=742 p=0.181 rho=0.697 leak=0.477 scale=0.395 ridge=3.7e-08 washout=442
[FOREST] iter  18/30 score=0.000131 best=0.000057 x_nrmse=0.000152 all_nrmse=0.000085 penalty=0.000 N=785 p=0.073 rho=0.513 leak=0.765 scale=0.354 ridge=6.6e-08 washout=405
[FOREST] iter  19/30 score=0.000449 best=0.000057 x_nrmse=0.000466 all_nrmse=0.000409 penalty=0.000 N=741 p=0.088 rho=0.969 leak=0.788 scale=0.424 ridge=2.1e-07 washout=401
[FOREST] iter  20/30 score=0.000944 best=0.000057 x_nrmse=0.001128 all_nrmse=0.000514 penalty=0.000 N=541 p=0.165 rho=0.583 leak=0.768 scale=0.441 ridge=1.5e-07 washout=393
[FOREST] iter  21/30 score=0.569936 best=0.000057 x_nrmse=0.506424 all_nrmse=0.718132 penalty=0.000 N=741 p=0.044 rho=0.841 leak=0.783 scale=0.449 ridge=4.2e-08 washout=341
[FOREST] iter  22/30 score=0.001607 best=0.000057 x_nrmse=0.001884 all_nrmse=0.000963 penalty=0.000 N=375 p=0.138 rho=0.972 leak=0.794 scale=0.456 ridge=2.6e-07 washout=424
[FOREST] iter  23/30 score=0.956584 best=0.000057 x_nrmse=1.111954 all_nrmse=0.594056 penalty=0.000 N=789 p=0.161 rho=0.788 leak=0.380 scale=0.462 ridge=2.2e-08 washout=427
[FOREST] iter  24/30 score=0.013121 best=0.000057 x_nrmse=0.012633 all_nrmse=0.014258 penalty=0.000 N=725 p=0.184 rho=0.736 leak=0.619 scale=0.073 ridge=1.7e-06 washout=491
[FOREST] iter  25/30 score=1.619370 best=0.000057 x_nrmse=1.778696 all_nrmse=1.247610 penalty=0.000 N=594 p=0.093 rho=0.703 leak=0.553 scale=0.458 ridge=1.8e-08 washout=427
[FOREST] iter  26/30 score=0.009299 best=0.000057 x_nrmse=0.011104 all_nrmse=0.005087 penalty=0.000 N=251 p=0.195 rho=0.747 leak=0.599 scale=0.455 ridge=8.6e-06 washout=431
[FOREST] iter  27/30 score=0.002953 best=0.000057 x_nrmse=0.003523 all_nrmse=0.001621 penalty=0.000 N=571 p=0.061 rho=1.049 leak=0.672 scale=0.457 ridge=1.3e-06 washout=419
[FOREST] iter  28/30 score=0.018825 best=0.000057 x_nrmse=0.022498 all_nrmse=0.010254 penalty=0.000 N=475 p=0.163 rho=0.580 leak=0.634 scale=0.455 ridge=2.4e-05 washout=453
[FOREST] iter  29/30 score=1.975081 best=0.000057 x_nrmse=2.286057 all_nrmse=1.249471 penalty=0.000 N=793 p=0.101 rho=0.964 leak=0.530 scale=0.457 ridge=3.4e-08 washout=415
[FOREST] iter  30/30 score=0.000481 best=0.000057 x_nrmse=0.000551 all_nrmse=0.000319 penalty=0.000 N=788 p=0.175 rho=0.868 leak=0.205 scale=0.456 ridge=4.9e-06 washout=483
[Save] -> outputs/periodic_bursting/best_params_forest.json

======================================================================
HYPERPARAMETER OPTIMIZATION
======================================================================
Optimizer     : gbrt
Series        : hr_full_state
Input size    : 3
BO calls      : 30
Random starts : 8
Validation    : long recursive stability objective
======================================================================
[GBRT] iter   1/30 score=0.000678 best=0.000678 x_nrmse=0.000807 all_nrmse=0.000378 penalty=0.000 N=437 p=0.168 rho=0.474 leak=0.495 scale=0.563 ridge=4.0e-07 washout=184
[GBRT] iter   2/30 score=0.818755 best=0.000678 x_nrmse=0.894416 all_nrmse=0.642210 penalty=0.000 N=790 p=0.105 rho=0.987 leak=0.190 scale=0.158 ridge=1.1e-06 washout=111
[GBRT] iter   3/30 score=0.070408 best=0.000678 x_nrmse=0.050505 all_nrmse=0.116849 penalty=0.000 N=594 p=0.054 rho=0.762 leak=0.354 scale=0.564 ridge=1.1e-04 washout=217
[GBRT] iter   4/30 score=0.002649 best=0.000678 x_nrmse=0.003062 all_nrmse=0.001684 penalty=0.000 N=530 p=0.158 rho=0.729 leak=0.084 scale=0.235 ridge=7.5e-06 washout=358
[GBRT] iter   5/30 score=0.038597 best=0.000678 x_nrmse=0.046275 all_nrmse=0.020683 penalty=0.000 N=773 p=0.025 rho=1.032 leak=0.755 scale=0.265 ridge=1.9e-05 washout=256
[GBRT] iter   6/30 score=0.001257 best=0.000678 x_nrmse=0.001489 all_nrmse=0.000716 penalty=0.000 N=655 p=0.044 rho=0.813 leak=0.556 scale=0.454 ridge=7.9e-07 washout=218
[GBRT] iter   7/30 score=0.000457 best=0.000457 x_nrmse=0.000500 all_nrmse=0.000358 penalty=0.000 N=525 p=0.160 rho=0.726 leak=0.152 scale=0.218 ridge=1.1e-06 washout=105
[GBRT] iter   8/30 score=1.062538 best=0.000457 x_nrmse=1.136072 all_nrmse=0.890961 penalty=0.000 N=294 p=0.150 rho=1.003 leak=0.543 scale=0.122 ridge=1.1e-04 washout=363
[GBRT] iter   9/30 score=3.131808 best=0.000457 x_nrmse=1.873496 all_nrmse=1.627469 penalty=1.332 N=286 p=0.163 rho=0.583 leak=0.337 scale=0.104 ridge=1.5e-04 washout=381
[GBRT] iter  10/30 score=1.405186 best=0.000457 x_nrmse=1.531114 all_nrmse=1.111352 penalty=0.000 N=279 p=0.115 rho=1.005 leak=0.204 scale=0.108 ridge=2.8e-04 washout=472
[GBRT] iter  11/30 score=0.000704 best=0.000457 x_nrmse=0.000785 all_nrmse=0.000513 penalty=0.000 N=722 p=0.147 rho=0.454 leak=0.480 scale=0.598 ridge=2.7e-06 washout=484
[GBRT] iter  12/30 score=1000000.000000 best=0.000457 x_nrmse=1000000.000000 all_nrmse=1000000.000000 penalty=1000000.000 N=618 p=0.139 rho=0.475 leak=0.191 scale=0.093 ridge=1.3e-07 washout=103
[GBRT] iter  13/30 score=1000000.000000 best=0.000457 x_nrmse=1000000.000000 all_nrmse=1000000.000000 penalty=1000000.000 N=756 p=0.078 rho=0.470 leak=0.084 scale=0.089 ridge=9.9e-08 washout=99
[GBRT] iter  14/30 score=0.729200 best=0.000457 x_nrmse=0.698881 all_nrmse=0.799946 penalty=0.000 N=795 p=0.149 rho=0.705 leak=0.215 scale=0.311 ridge=6.6e-04 washout=162
[GBRT] iter  15/30 score=1000000.000000 best=0.000457 x_nrmse=1000000.000000 all_nrmse=1000000.000000 penalty=1000000.000 N=780 p=0.154 rho=0.458 leak=0.187 scale=0.084 ridge=3.0e-05 washout=480
[GBRT] iter  16/30 score=0.009791 best=0.000457 x_nrmse=0.008938 all_nrmse=0.011780 penalty=0.000 N=276 p=0.064 rho=0.938 leak=0.731 scale=0.184 ridge=1.9e-04 washout=74
[GBRT] iter  17/30 score=0.027446 best=0.000457 x_nrmse=0.025768 all_nrmse=0.031361 penalty=0.000 N=272 p=0.054 rho=0.726 leak=0.703 scale=0.131 ridge=1.4e-04 washout=393
[GBRT] iter  18/30 score=0.798722 best=0.000457 x_nrmse=0.921544 all_nrmse=0.512136 penalty=0.000 N=793 p=0.105 rho=0.500 leak=0.126 scale=0.087 ridge=8.1e-04 washout=448
[GBRT] iter  19/30 score=0.003350 best=0.000457 x_nrmse=0.003265 all_nrmse=0.003546 penalty=0.000 N=733 p=0.141 rho=0.612 leak=0.446 scale=0.089 ridge=1.9e-07 washout=198
[GBRT] iter  20/30 score=0.239957 best=0.000457 x_nrmse=0.285766 all_nrmse=0.133070 penalty=0.000 N=368 p=0.028 rho=0.753 leak=0.508 scale=0.058 ridge=1.3e-04 washout=53
[GBRT] iter  21/30 score=0.002159 best=0.000457 x_nrmse=0.001990 all_nrmse=0.002554 penalty=0.000 N=363 p=0.135 rho=0.481 leak=0.732 scale=0.104 ridge=6.9e-08 washout=350
[GBRT] iter  22/30 score=0.007117 best=0.000457 x_nrmse=0.006532 all_nrmse=0.008481 penalty=0.000 N=721 p=0.132 rho=0.487 leak=0.553 scale=0.099 ridge=6.2e-07 washout=410
[GBRT] iter  23/30 score=0.020261 best=0.000457 x_nrmse=0.018780 all_nrmse=0.023717 penalty=0.000 N=292 p=0.182 rho=0.477 leak=0.319 scale=0.257 ridge=3.5e-04 washout=333
[GBRT] iter  24/30 score=1000000.000000 best=0.000457 x_nrmse=1000000.000000 all_nrmse=1000000.000000 penalty=1000000.000 N=674 p=0.021 rho=0.465 leak=0.082 scale=0.099 ridge=8.4e-05 washout=452
[GBRT] iter  25/30 score=0.001837 best=0.000457 x_nrmse=0.002135 all_nrmse=0.001143 penalty=0.000 N=541 p=0.023 rho=0.464 leak=0.261 scale=0.215 ridge=1.5e-06 washout=224
[GBRT] iter  26/30 score=0.022131 best=0.000457 x_nrmse=0.020879 all_nrmse=0.025052 penalty=0.000 N=699 p=0.052 rho=0.458 leak=0.106 scale=0.155 ridge=4.1e-05 washout=183
[GBRT] iter  27/30 score=1000000.000000 best=0.000457 x_nrmse=1000000.000000 all_nrmse=1000000.000000 penalty=1000000.000 N=276 p=0.112 rho=0.468 leak=0.651 scale=0.042 ridge=3.9e-08 washout=425
[GBRT] iter  28/30 score=3.500778 best=0.000457 x_nrmse=2.102281 all_nrmse=1.743594 penalty=1.506 N=787 p=0.042 rho=0.480 leak=0.686 scale=0.100 ridge=3.4e-04 washout=384
[GBRT] iter  29/30 score=3.980390 best=0.000457 x_nrmse=2.349192 all_nrmse=1.927076 penalty=1.758 N=255 p=0.037 rho=0.479 leak=0.766 scale=0.096 ridge=4.5e-04 washout=277
[GBRT] iter  30/30 score=0.155875 best=0.000457 x_nrmse=0.142938 all_nrmse=0.186062 penalty=0.000 N=571 p=0.049 rho=0.451 leak=0.433 scale=0.122 ridge=1.8e-04 washout=403
[Save] -> outputs/periodic_bursting/best_params_gbrt.json
[Save] -> outputs/periodic_bursting/optimizer_summary.json
[Save] -> outputs/periodic_bursting/optimizer_history.csv
[Save] -> outputs/periodic_bursting/optimizer_results.csv
[Plot] Saved -> outputs/periodic_bursting/optimizer_convergence.png
[Plot] Saved -> outputs/periodic_bursting/bo_objective_landscape_best_optimizer.png

========================================================================
OPTIMIZER RANKING
========================================================================
  forest | score=0.000057 | x_nrmse=0.000066 | N=679 | rho=0.487 | leak=0.481 | scale=0.336 | washout=153
      gp | score=0.000071 | x_nrmse=0.000060 | N=665 | rho=0.901 | leak=0.800 | scale=0.405 | washout=403
   dummy | score=0.000085 | x_nrmse=0.000101 | N=715 | rho=0.513 | leak=0.147 | scale=0.281 | washout=372
    gbrt | score=0.000457 | x_nrmse=0.000500 | N=525 | rho=0.726 | leak=0.152 | scale=0.218 | washout=105
[Save] -> outputs/periodic_bursting/optimizer_ranking_table.csv
[Save] -> outputs/periodic_bursting/best_params_auto.json
[Save] -> outputs/periodic_bursting/best_params.json

========================================================================
FINAL TRAINING WITH SELECTED PARAMETERS
========================================================================
Selected optimizer : forest
Warmup steps              : 104999
Training washout          : 153
Held-out prediction steps : 45000
NRMSE recursive x         : 0.000581
RMSE recursive x          : 0.000346
NRMSE recursive all states: 0.000397
RMSE recursive all states : 0.000491

========================================================================
PLOTTING
========================================================================
[Plot] Saved -> outputs/periodic_bursting/results_full_zoom.png
[Plot] Saved -> outputs/periodic_bursting/results_zoom_comparison.png
[Plot] Saved -> outputs/periodic_bursting/spike_event_comparison.png
[Plot] Saved -> outputs/periodic_bursting/results_all_states.png
[Save] -> outputs/periodic_bursting/metrics.json
[Report] Saved optimizer ranking table -> outputs/periodic_bursting/optimizer_ranking_table.csv
[Report] Saved single-run summary -> outputs/periodic_bursting/experiment_summary.csv
[Report] Saved global comparison -> outputs/experiment_comparison.csv

========================================================================
LINEAR FEEDBACK CONTROL EXPERIMENT
========================================================================
[Control] Skipped: control_experiment.py is missing or could not be imported.
[Control] Import error: '(' was never closed (control_experiment.py, line 504)

========================================================================
FINAL SUMMARY
========================================================================
Series    : hr_full_state
Optimizer : forest
RMSE x    : 0.000346
NRMSE x   : 0.000581
Full-state prediction: x, y, z
[Done] Files saved inside: outputs/periodic_bursting
[Report] Saved final comparison CSV -> outputs/final_prediction_control_comparison.csv
[Report] Saved final comparison Markdown -> outputs/final_prediction_control_comparison.md
[Plot] Saved -> outputs/final_prediction_control_comparison.png

========================================================================
FINAL PREDICTION + CONTROL COMPARISON TABLE
========================================================================
   periodic_bursting | opt=  forest | pred NRMSE x=  0.000581 | K=           | control RMSE=           | stable=
========================================================================
=== JOB_STATISTICS ===
=== current date     : Tue May 26 10:35:37 AM CEST 2026
= Job-ID             : 1647740 on tinygpu
= Job-Name           : hr_all_control
= Job-Command        : /home/hpc/rlvl/rlvl177v/Thesis/run_all_three_control.sh
= Initial workdir    : /home/hpc/rlvl/rlvl177v/Thesis
= Queue/Partition    : a100
= Slurm account      : rlvl with QOS=normal
= Requested resources:  for 08:00:00
= Elapsed runtime    : 00:09:40
= Total RAM usage    : 1.2 GiB of requested  GiB (%)   
= Node list          : tg093
= Subm/Elig/Start/End: 2026-05-26T09:13:14 / 2026-05-26T09:13:14 / 2026-05-26T10:25:56 / 2026-05-26T10:35:36
======================
=== Quota infos ======
    Path                 Used     SoftQ    HardQ    Gracetime  Filec    FileQ    FiHaQ    FileGrace    
    /home/woody             0.0K  1000.0G  1500.0G        N/A       1    5,000K   7,500K        N/A    
    /home/hpc               9.6G   104.9G   209.7G        N/A      59K     500K   1,000K        N/A    
======================
=== GPU utilization ==
gpu_name, gpu_bus_id, pid, gpu_utilization [%], mem_utilization [%], max_memory_usage [MiB], time [ms]
