### Starting TaskPrologue of job 1626757 on tg094 at Fri May 22 11:51:21 AM CEST 2026
Running on cores 96-127 with governor ondemand
Fri May 22 11:51:21 2026       
+-----------------------------------------------------------------------------------------+
| NVIDIA-SMI 595.71.05              Driver Version: 595.71.05      CUDA Version: 13.2     |
+-----------------------------------------+------------------------+----------------------+
| GPU  Name                 Persistence-M | Bus-Id          Disp.A | Volatile Uncorr. ECC |
| Fan  Temp   Perf          Pwr:Usage/Cap |           Memory-Usage | GPU-Util  Compute M. |
|                                         |                        |               MIG M. |
|=========================================+========================+======================|
|   0  NVIDIA A100-SXM4-40GB          On  |   00000000:C1:00.0 Off |                    0 |
| N/A   34C    P0             53W /  400W |       0MiB /  40960MiB |      0%      Default |
|                                         |                        |             Disabled |
+-----------------------------------------+------------------------+----------------------+

+-----------------------------------------------------------------------------------------+
| Processes:                                                                              |
|  GPU   GI   CI              PID   Type   Process name                        GPU Memory |
|        ID   ID                                                               Usage      |
|=========================================================================================|
|  No running processes found                                                             |
+-----------------------------------------------------------------------------------------+
### Finished TaskPrologue

Job started on: tg094
Start time: Fri May 22 11:51:25 AM CEST 2026
Python path: /home/hpc/rlvl/rlvl177v/Thesis/.conda_env/bin/python
Python 3.12.13

################################################################################
STARTING EXPERIMENT
################################################################################
[Main] dataset mode  = hr
[Main] HR mode       = periodic_spiking
[Main] output folder = outputs/periodic_spiking

========================================================================
LOADING DATA
========================================================================

[DataLoader] Generating Hindmarsh–Rose data
[DataLoader] HR mode: periodic_spiking
[DataLoader] HR input current I: 2.5
[DataLoader] Loaded HR: 150000 steps x 3 states
[DataLoader] Time: 0.00s to 1499.99s
[DataLoader] Preprocessing done
[DataLoader] Spike detection done — 40 HR x-spikes detected

========================================================
DATASET SUMMARY
========================================================
File              : /home/hpc/rlvl/rlvl177v/Thesis/DRG3_MdFoF.csv
Total samples     : 150000
Total neurons     : 3
Duration          : 25.00 min (1500 s)
First neuron      : hr_x
Last neuron       : hr_z
Split ratios      : train=0.70, val=0.15, test=0.15
Spike range       : 0–40 per neuron
Spike mean        : 13.3 per neuron
========================================================


First 3 neurons:
  [   0]  hr_x                 spikes: 40
  [   1]  hr_y                 spikes: 0
  [   2]  hr_z                 spikes: 0
… and 0 more.


========================================================================
MODEL SELECTION
========================================================================
Training series : hr_full_state
Input size      : 3

========================================================================
AUTO OPTIMIZER COMPARISON
========================================================================

======================================================================
HYPERPARAMETER OPTIMIZATION
======================================================================
Optimizer     : gp
Series        : hr_full_state
Input size    : 3
BO calls      : 30
Random starts : 8
Validation    : long recursive stability objective
======================================================================
[GP] iter   1/30 score=0.752406 best=0.752406 x_nrmse=0.845833 all_nrmse=0.534410 penalty=0.000 N=688 p=0.053 rho=0.918 leak=0.510 scale=0.290 ridge=3.2e-08 washout=257
[GP] iter   2/30 score=1.219290 best=0.752406 x_nrmse=1.177877 all_nrmse=1.315923 penalty=0.000 N=434 p=0.046 rho=0.841 leak=0.121 scale=0.444 ridge=4.9e-04 washout=50
[GP] iter   3/30 score=1000000.000000 best=0.752406 x_nrmse=1000000.000000 all_nrmse=1000000.000000 penalty=1000000.000 N=796 p=0.131 rho=0.817 leak=0.085 scale=0.053 ridge=4.2e-06 washout=230
[GP] iter   4/30 score=0.024714 best=0.024714 x_nrmse=0.027758 all_nrmse=0.017613 penalty=0.000 N=276 p=0.195 rho=0.590 leak=0.145 scale=0.386 ridge=8.2e-07 washout=492
[GP] iter   5/30 score=0.732699 best=0.024714 x_nrmse=0.817366 all_nrmse=0.535143 penalty=0.000 N=507 p=0.175 rho=0.858 leak=0.404 scale=0.047 ridge=5.1e-04 washout=303
[GP] iter   6/30 score=0.047674 best=0.024714 x_nrmse=0.053320 all_nrmse=0.034498 penalty=0.000 N=462 p=0.023 rho=0.589 leak=0.254 scale=0.423 ridge=1.1e-05 washout=425
[GP] iter   7/30 score=0.001967 best=0.001967 x_nrmse=0.002204 all_nrmse=0.001415 penalty=0.000 N=345 p=0.090 rho=0.559 leak=0.624 scale=0.278 ridge=1.1e-07 washout=305
[GP] iter   8/30 score=0.023762 best=0.001967 x_nrmse=0.026633 all_nrmse=0.017063 penalty=0.000 N=267 p=0.172 rho=0.720 leak=0.365 scale=0.559 ridge=4.3e-05 washout=197
[GP] iter   9/30 score=13.165327 best=0.001967 x_nrmse=7.286816 all_nrmse=4.524162 penalty=6.707 N=626 p=0.020 rho=0.450 leak=0.800 scale=0.600 ridge=1.0e-08 washout=500
[GP] iter  10/30 score=1000000.000000 best=0.001967 x_nrmse=1000000.000000 all_nrmse=1000000.000000 penalty=1000000.000 N=662 p=0.200 rho=1.050 leak=0.080 scale=0.040 ridge=1.0e-03 washout=50
[GP] iter  11/30 score=2.508707 best=0.001967 x_nrmse=2.792668 all_nrmse=1.846132 penalty=0.000 N=250 p=0.200 rho=1.050 leak=0.564 scale=0.040 ridge=1.0e-03 washout=283
[GP] iter  12/30 score=1.217629 best=0.001967 x_nrmse=1.233681 all_nrmse=1.180173 penalty=0.000 N=250 p=0.200 rho=0.796 leak=0.600 scale=0.535 ridge=7.3e-04 washout=480
[GP] iter  13/30 score=1.179144 best=0.001967 x_nrmse=1.150173 all_nrmse=1.246745 penalty=0.000 N=800 p=0.200 rho=1.050 leak=0.800 scale=0.410 ridge=1.0e-08 washout=50
[GP] iter  14/30 score=0.026709 best=0.001967 x_nrmse=0.029980 all_nrmse=0.019076 penalty=0.000 N=250 p=0.200 rho=1.050 leak=0.482 scale=0.127 ridge=1.0e-03 washout=50
[GP] iter  15/30 score=1000000.000000 best=0.001967 x_nrmse=1000000.000000 all_nrmse=1000000.000000 penalty=1000000.000 N=800 p=0.020 rho=0.450 leak=0.800 scale=0.040 ridge=1.0e-08 washout=500
[GP] iter  16/30 score=0.735074 best=0.001967 x_nrmse=0.823862 all_nrmse=0.527902 penalty=0.000 N=416 p=0.134 rho=0.626 leak=0.800 scale=0.062 ridge=6.9e-05 washout=471
[GP] iter  17/30 score=0.000963 best=0.000963 x_nrmse=0.001080 all_nrmse=0.000688 penalty=0.000 N=665 p=0.020 rho=0.827 leak=0.800 scale=0.405 ridge=1.0e-08 washout=393
[GP] iter  18/30 score=0.000030 best=0.000030 x_nrmse=0.000030 all_nrmse=0.000030 penalty=0.000 N=489 p=0.200 rho=1.050 leak=0.299 scale=0.210 ridge=1.0e-08 washout=50
[GP] iter  19/30 score=0.001468 best=0.000030 x_nrmse=0.001621 all_nrmse=0.001111 penalty=0.000 N=800 p=0.020 rho=0.450 leak=0.080 scale=0.600 ridge=1.0e-03 washout=500
[GP] iter  20/30 score=0.000729 best=0.000030 x_nrmse=0.000818 all_nrmse=0.000523 penalty=0.000 N=475 p=0.200 rho=0.450 leak=0.800 scale=0.600 ridge=1.0e-08 washout=500
[GP] iter  21/30 score=0.000464 best=0.000030 x_nrmse=0.000514 all_nrmse=0.000348 penalty=0.000 N=597 p=0.020 rho=0.491 leak=0.800 scale=0.322 ridge=1.0e-08 washout=500
[GP] iter  22/30 score=1000000.000000 best=0.000030 x_nrmse=1000000.000000 all_nrmse=1000000.000000 penalty=1000000.000 N=471 p=0.020 rho=1.050 leak=0.080 scale=0.064 ridge=1.0e-03 washout=500
[GP] iter  23/30 score=1.266865 best=0.000030 x_nrmse=1.008643 all_nrmse=1.332257 penalty=0.161 N=800 p=0.200 rho=1.050 leak=0.800 scale=0.228 ridge=1.0e-03 washout=50
[GP] iter  24/30 score=0.000908 best=0.000030 x_nrmse=0.001018 all_nrmse=0.000650 penalty=0.000 N=252 p=0.200 rho=1.050 leak=0.271 scale=0.436 ridge=1.0e-08 washout=50
[GP] iter  25/30 score=1.447633 best=0.000030 x_nrmse=1.429889 all_nrmse=1.489035 penalty=0.000 N=800 p=0.200 rho=1.050 leak=0.715 scale=0.386 ridge=2.9e-06 washout=50
[GP] iter  26/30 score=0.740610 best=0.000030 x_nrmse=0.831563 all_nrmse=0.528385 penalty=0.000 N=250 p=0.200 rho=0.450 leak=0.800 scale=0.064 ridge=1.0e-03 washout=118
[GP] iter  27/30 score=1.472889 best=0.000030 x_nrmse=1.421084 all_nrmse=1.593769 penalty=0.000 N=250 p=0.200 rho=1.050 leak=0.080 scale=0.571 ridge=5.5e-07 washout=50
[GP] iter  28/30 score=2.044111 best=0.000030 x_nrmse=2.138405 all_nrmse=1.824091 penalty=0.000 N=800 p=0.200 rho=1.050 leak=0.800 scale=0.600 ridge=1.0e-03 washout=50
[GP] iter  29/30 score=1.234692 best=0.000030 x_nrmse=1.072415 all_nrmse=1.536439 penalty=0.023 N=800 p=0.200 rho=1.050 leak=0.545 scale=0.600 ridge=1.0e-08 washout=50
[GP] iter  30/30 score=9.008992 best=0.000030 x_nrmse=5.217543 all_nrmse=3.164937 penalty=4.407 N=800 p=0.200 rho=1.050 leak=0.660 scale=0.600 ridge=3.4e-06 washout=50
[Save] -> outputs/periodic_spiking/best_params_gp.json

======================================================================
HYPERPARAMETER OPTIMIZATION
======================================================================
Optimizer     : dummy
Series        : hr_full_state
Input size    : 3
BO calls      : 30
Random starts : 8
Validation    : long recursive stability objective
======================================================================
[DUMMY] iter   1/30 score=0.001147 best=0.001147 x_nrmse=0.001288 all_nrmse=0.000817 penalty=0.000 N=447 p=0.120 rho=0.844 leak=0.679 scale=0.152 ridge=4.3e-08 washout=189
[DUMMY] iter   2/30 score=11.698023 best=0.001147 x_nrmse=6.434030 all_nrmse=4.121108 penalty=5.958 N=689 p=0.098 rho=0.681 leak=0.644 scale=0.480 ridge=6.5e-08 washout=361
[DUMMY] iter   3/30 score=1.737248 best=0.001147 x_nrmse=1.713628 all_nrmse=1.792364 penalty=0.000 N=581 p=0.080 rho=0.811 leak=0.712 scale=0.384 ridge=1.3e-06 washout=314
[DUMMY] iter   4/30 score=1000000.000000 best=0.001147 x_nrmse=1000000.000000 all_nrmse=1000000.000000 penalty=1000000.000 N=336 p=0.159 rho=0.975 leak=0.136 scale=0.058 ridge=3.4e-05 washout=343
[DUMMY] iter   5/30 score=1.149371 best=0.001147 x_nrmse=1.125356 all_nrmse=1.205405 penalty=0.000 N=602 p=0.192 rho=0.735 leak=0.475 scale=0.451 ridge=4.9e-06 washout=346
[DUMMY] iter   6/30 score=0.052577 best=0.001147 x_nrmse=0.059066 all_nrmse=0.037438 penalty=0.000 N=585 p=0.124 rho=0.556 leak=0.625 scale=0.571 ridge=2.4e-04 washout=461
[DUMMY] iter   7/30 score=0.008902 best=0.001147 x_nrmse=0.009928 all_nrmse=0.006508 penalty=0.000 N=501 p=0.092 rho=0.620 leak=0.786 scale=0.557 ridge=1.0e-06 washout=55
[DUMMY] iter   8/30 score=0.015193 best=0.001147 x_nrmse=0.017052 all_nrmse=0.010854 penalty=0.000 N=295 p=0.188 rho=0.541 leak=0.714 scale=0.599 ridge=8.7e-06 washout=410
[DUMMY] iter   9/30 score=0.000260 best=0.000260 x_nrmse=0.000291 all_nrmse=0.000188 penalty=0.000 N=715 p=0.074 rho=0.513 leak=0.147 scale=0.281 ridge=3.3e-08 washout=372
[DUMMY] iter  10/30 score=0.004840 best=0.000260 x_nrmse=0.005426 all_nrmse=0.003474 penalty=0.000 N=272 p=0.180 rho=0.794 leak=0.260 scale=0.256 ridge=7.3e-05 washout=85
[DUMMY] iter  11/30 score=7.186008 best=0.000260 x_nrmse=4.612323 all_nrmse=2.932568 penalty=3.078 N=788 p=0.159 rho=0.875 leak=0.293 scale=0.588 ridge=2.3e-04 washout=380
[DUMMY] iter  12/30 score=1.319607 best=0.000260 x_nrmse=1.020950 all_nrmse=1.071267 penalty=0.284 N=398 p=0.176 rho=0.964 leak=0.710 scale=0.300 ridge=5.6e-05 washout=134
[DUMMY] iter  13/30 score=1.424072 best=0.000260 x_nrmse=1.034370 all_nrmse=1.469425 penalty=0.259 N=586 p=0.041 rho=0.985 leak=0.179 scale=0.327 ridge=2.9e-05 washout=287
[DUMMY] iter  14/30 score=0.004226 best=0.000260 x_nrmse=0.004747 all_nrmse=0.003011 penalty=0.000 N=567 p=0.144 rho=0.496 leak=0.569 scale=0.435 ridge=4.9e-08 washout=345
[DUMMY] iter  15/30 score=0.002697 best=0.000260 x_nrmse=0.002993 all_nrmse=0.002007 penalty=0.000 N=384 p=0.035 rho=0.802 leak=0.363 scale=0.293 ridge=3.0e-06 washout=102
[DUMMY] iter  16/30 score=0.001785 best=0.000260 x_nrmse=0.001941 all_nrmse=0.001421 penalty=0.000 N=473 p=0.101 rho=0.827 leak=0.335 scale=0.103 ridge=1.5e-06 washout=178
[DUMMY] iter  17/30 score=0.007199 best=0.000260 x_nrmse=0.008041 all_nrmse=0.005236 penalty=0.000 N=606 p=0.022 rho=0.478 leak=0.672 scale=0.440 ridge=7.2e-06 washout=341
[DUMMY] iter  18/30 score=0.005713 best=0.000260 x_nrmse=0.006411 all_nrmse=0.004084 penalty=0.000 N=778 p=0.117 rho=0.595 leak=0.468 scale=0.211 ridge=1.1e-04 washout=66
[DUMMY] iter  19/30 score=0.001872 best=0.000260 x_nrmse=0.002103 all_nrmse=0.001333 penalty=0.000 N=355 p=0.171 rho=0.987 leak=0.706 scale=0.428 ridge=2.0e-08 washout=413
[DUMMY] iter  20/30 score=0.000626 best=0.000260 x_nrmse=0.000698 all_nrmse=0.000458 penalty=0.000 N=392 p=0.137 rho=0.718 leak=0.246 scale=0.242 ridge=5.5e-07 washout=146
[DUMMY] iter  21/30 score=0.001617 best=0.000260 x_nrmse=0.001806 all_nrmse=0.001177 penalty=0.000 N=472 p=0.080 rho=0.580 leak=0.697 scale=0.155 ridge=1.0e-05 washout=430
[DUMMY] iter  22/30 score=0.000844 best=0.000260 x_nrmse=0.000941 all_nrmse=0.000618 penalty=0.000 N=648 p=0.172 rho=0.867 leak=0.695 scale=0.090 ridge=2.2e-06 washout=295
[DUMMY] iter  23/30 score=0.056843 best=0.000260 x_nrmse=0.063856 all_nrmse=0.040481 penalty=0.000 N=682 p=0.058 rho=0.477 leak=0.548 scale=0.555 ridge=8.0e-05 washout=62
[DUMMY] iter  24/30 score=9.578579 best=0.000260 x_nrmse=5.258252 all_nrmse=3.269217 penalty=4.917 N=475 p=0.020 rho=0.831 leak=0.699 scale=0.497 ridge=5.3e-04 washout=478
[DUMMY] iter  25/30 score=1.565724 best=0.000260 x_nrmse=1.590361 all_nrmse=1.508236 penalty=0.000 N=475 p=0.168 rho=0.570 leak=0.137 scale=0.511 ridge=5.8e-04 washout=83
[DUMMY] iter  26/30 score=0.019273 best=0.000260 x_nrmse=0.021638 all_nrmse=0.013754 penalty=0.000 N=252 p=0.087 rho=0.780 leak=0.280 scale=0.468 ridge=2.1e-05 washout=55
[DUMMY] iter  27/30 score=0.002410 best=0.000260 x_nrmse=0.002697 all_nrmse=0.001739 penalty=0.000 N=546 p=0.022 rho=0.579 leak=0.147 scale=0.437 ridge=4.0e-04 washout=318
[DUMMY] iter  28/30 score=0.001737 best=0.000260 x_nrmse=0.001940 all_nrmse=0.001263 penalty=0.000 N=409 p=0.136 rho=0.746 leak=0.309 scale=0.135 ridge=1.2e-05 washout=245
[DUMMY] iter  29/30 score=0.014960 best=0.000260 x_nrmse=0.016785 all_nrmse=0.010702 penalty=0.000 N=614 p=0.104 rho=0.633 leak=0.579 scale=0.220 ridge=7.3e-04 washout=265
[DUMMY] iter  30/30 score=0.003699 best=0.000260 x_nrmse=0.004145 all_nrmse=0.002660 penalty=0.000 N=446 p=0.169 rho=0.458 leak=0.378 scale=0.316 ridge=1.0e-04 washout=236
[Save] -> outputs/periodic_spiking/best_params_dummy.json

======================================================================
HYPERPARAMETER OPTIMIZATION
======================================================================
Optimizer     : forest
Series        : hr_full_state
Input size    : 3
BO calls      : 30
Random starts : 8
Validation    : long recursive stability objective
======================================================================
[FOREST] iter   1/30 score=0.203413 best=0.203413 x_nrmse=0.228451 all_nrmse=0.144992 penalty=0.000 N=353 p=0.030 rho=0.839 leak=0.497 scale=0.229 ridge=3.4e-08 washout=389
[FOREST] iter   2/30 score=6.707063 best=0.203413 x_nrmse=3.899263 all_nrmse=2.489770 penalty=3.231 N=544 p=0.045 rho=0.791 leak=0.190 scale=0.307 ridge=1.4e-04 washout=172
[FOREST] iter   3/30 score=0.000949 best=0.000949 x_nrmse=0.001066 all_nrmse=0.000678 penalty=0.000 N=679 p=0.115 rho=0.487 leak=0.481 scale=0.336 ridge=1.4e-08 washout=153
[FOREST] iter   4/30 score=0.056262 best=0.000949 x_nrmse=0.063197 all_nrmse=0.040080 penalty=0.000 N=502 p=0.023 rho=0.967 leak=0.119 scale=0.520 ridge=1.8e-06 washout=271
[FOREST] iter   5/30 score=3.321752 best=0.000949 x_nrmse=2.584501 all_nrmse=1.619738 penalty=1.027 N=622 p=0.189 rho=0.767 leak=0.448 scale=0.584 ridge=3.6e-04 washout=91
[FOREST] iter   6/30 score=10.000922 best=0.000949 x_nrmse=5.449955 all_nrmse=3.278016 penalty=5.203 N=733 p=0.165 rho=0.833 leak=0.603 scale=0.473 ridge=2.0e-04 washout=495
[FOREST] iter   7/30 score=0.001176 best=0.000949 x_nrmse=0.001270 all_nrmse=0.000955 penalty=0.000 N=658 p=0.044 rho=0.720 leak=0.567 scale=0.206 ridge=1.2e-04 washout=156
[FOREST] iter   8/30 score=1.270580 best=0.000949 x_nrmse=1.207986 all_nrmse=1.416633 penalty=0.000 N=531 p=0.156 rho=0.790 leak=0.761 scale=0.473 ridge=1.4e-06 washout=422
[FOREST] iter   9/30 score=0.001492 best=0.000949 x_nrmse=0.001676 all_nrmse=0.001063 penalty=0.000 N=452 p=0.033 rho=0.979 leak=0.573 scale=0.074 ridge=2.7e-06 washout=248
[FOREST] iter  10/30 score=0.189180 best=0.000949 x_nrmse=0.212595 all_nrmse=0.134546 penalty=0.000 N=301 p=0.031 rho=0.552 leak=0.612 scale=0.078 ridge=1.4e-05 washout=414
[FOREST] iter  11/30 score=0.006839 best=0.000949 x_nrmse=0.007680 all_nrmse=0.004875 penalty=0.000 N=459 p=0.037 rho=0.716 leak=0.619 scale=0.146 ridge=2.7e-05 washout=309
[FOREST] iter  12/30 score=0.025960 best=0.000949 x_nrmse=0.029162 all_nrmse=0.018488 penalty=0.000 N=705 p=0.025 rho=0.837 leak=0.612 scale=0.083 ridge=3.1e-05 washout=478
[FOREST] iter  13/30 score=0.502426 best=0.000949 x_nrmse=0.565007 all_nrmse=0.356402 penalty=0.000 N=780 p=0.036 rho=0.971 leak=0.601 scale=0.251 ridge=3.2e-05 washout=262
[FOREST] iter  14/30 score=0.002007 best=0.000949 x_nrmse=0.002208 all_nrmse=0.001537 penalty=0.000 N=320 p=0.038 rho=0.597 leak=0.656 scale=0.186 ridge=6.4e-05 washout=133
[FOREST] iter  15/30 score=0.005054 best=0.000949 x_nrmse=0.005652 all_nrmse=0.003660 penalty=0.000 N=653 p=0.027 rho=0.484 leak=0.728 scale=0.190 ridge=8.3e-05 washout=104
[FOREST] iter  16/30 score=0.476892 best=0.000949 x_nrmse=0.536087 all_nrmse=0.338770 penalty=0.000 N=692 p=0.036 rho=0.629 leak=0.699 scale=0.077 ridge=7.4e-05 washout=194
[FOREST] iter  17/30 score=0.328729 best=0.000949 x_nrmse=0.369798 all_nrmse=0.232899 penalty=0.000 N=394 p=0.021 rho=0.484 leak=0.554 scale=0.088 ridge=9.6e-05 washout=75
[FOREST] iter  18/30 score=0.013949 best=0.000949 x_nrmse=0.015668 all_nrmse=0.009937 penalty=0.000 N=741 p=0.029 rho=0.503 leak=0.515 scale=0.131 ridge=1.1e-04 washout=361
[FOREST] iter  19/30 score=0.000962 best=0.000949 x_nrmse=0.001060 all_nrmse=0.000734 penalty=0.000 N=373 p=0.023 rho=0.821 leak=0.282 scale=0.170 ridge=1.2e-04 washout=316
[FOREST] iter  20/30 score=0.005044 best=0.000949 x_nrmse=0.005661 all_nrmse=0.003604 penalty=0.000 N=486 p=0.040 rho=0.650 leak=0.313 scale=0.219 ridge=1.2e-04 washout=86
[FOREST] iter  21/30 score=0.008115 best=0.000949 x_nrmse=0.009101 all_nrmse=0.005814 penalty=0.000 N=504 p=0.034 rho=1.024 leak=0.577 scale=0.145 ridge=1.2e-04 washout=338
[FOREST] iter  22/30 score=0.004382 best=0.000949 x_nrmse=0.004902 all_nrmse=0.003168 penalty=0.000 N=550 p=0.042 rho=0.912 leak=0.518 scale=0.178 ridge=1.2e-04 washout=93
[FOREST] iter  23/30 score=0.001290 best=0.000949 x_nrmse=0.001419 all_nrmse=0.000987 penalty=0.000 N=490 p=0.042 rho=0.783 leak=0.394 scale=0.154 ridge=1.2e-04 washout=343
[FOREST] iter  24/30 score=0.000262 best=0.000262 x_nrmse=0.000251 all_nrmse=0.000287 penalty=0.000 N=502 p=0.183 rho=0.751 leak=0.476 scale=0.152 ridge=6.0e-05 washout=250
[FOREST] iter  25/30 score=0.019750 best=0.000262 x_nrmse=0.022178 all_nrmse=0.014086 penalty=0.000 N=492 p=0.022 rho=0.857 leak=0.598 scale=0.199 ridge=1.3e-04 washout=343
[FOREST] iter  26/30 score=0.037145 best=0.000262 x_nrmse=0.041708 all_nrmse=0.026496 penalty=0.000 N=329 p=0.039 rho=0.946 leak=0.376 scale=0.118 ridge=1.3e-04 washout=493
[FOREST] iter  27/30 score=0.004916 best=0.000262 x_nrmse=0.005504 all_nrmse=0.003541 penalty=0.000 N=629 p=0.084 rho=0.875 leak=0.527 scale=0.116 ridge=1.3e-04 washout=191
[FOREST] iter  28/30 score=0.042472 best=0.000262 x_nrmse=0.047734 all_nrmse=0.030194 penalty=0.000 N=470 p=0.183 rho=0.770 leak=0.415 scale=0.109 ridge=1.3e-04 washout=199
[FOREST] iter  29/30 score=1.365188 best=0.000262 x_nrmse=1.350270 all_nrmse=1.399996 penalty=0.000 N=743 p=0.119 rho=0.906 leak=0.102 scale=0.130 ridge=1.3e-04 washout=181
[FOREST] iter  30/30 score=0.010038 best=0.000262 x_nrmse=0.011269 all_nrmse=0.007168 penalty=0.000 N=482 p=0.038 rho=0.722 leak=0.303 scale=0.475 ridge=2.5e-05 washout=117
[Save] -> outputs/periodic_spiking/best_params_forest.json

======================================================================
HYPERPARAMETER OPTIMIZATION
======================================================================
Optimizer     : gbrt
Series        : hr_full_state
Input size    : 3
BO calls      : 30
Random starts : 8
Validation    : long recursive stability objective
======================================================================
[GBRT] iter   1/30 score=0.001760 best=0.001760 x_nrmse=0.001931 all_nrmse=0.001361 penalty=0.000 N=437 p=0.168 rho=0.474 leak=0.495 scale=0.563 ridge=4.0e-07 washout=184
[GBRT] iter   2/30 score=1.209778 best=0.001760 x_nrmse=1.275444 all_nrmse=1.056556 penalty=0.000 N=790 p=0.105 rho=0.987 leak=0.190 scale=0.158 ridge=1.1e-06 washout=111
[GBRT] iter   3/30 score=0.010428 best=0.001760 x_nrmse=0.011610 all_nrmse=0.007671 penalty=0.000 N=594 p=0.054 rho=0.762 leak=0.354 scale=0.564 ridge=1.1e-04 washout=217
[GBRT] iter   4/30 score=0.001538 best=0.001538 x_nrmse=0.001727 all_nrmse=0.001097 penalty=0.000 N=530 p=0.158 rho=0.729 leak=0.084 scale=0.235 ridge=7.5e-06 washout=358
[GBRT] iter   5/30 score=0.909149 best=0.001538 x_nrmse=0.867393 all_nrmse=1.006581 penalty=0.000 N=773 p=0.025 rho=1.032 leak=0.755 scale=0.265 ridge=1.9e-05 washout=256
[GBRT] iter   6/30 score=4.107436 best=0.001538 x_nrmse=2.696654 all_nrmse=1.750084 penalty=1.695 N=655 p=0.044 rho=0.813 leak=0.556 scale=0.454 ridge=7.9e-07 washout=218
[GBRT] iter   7/30 score=0.000750 best=0.000750 x_nrmse=0.000839 all_nrmse=0.000541 penalty=0.000 N=525 p=0.160 rho=0.726 leak=0.152 scale=0.218 ridge=1.1e-06 washout=105
End time: Fri May 22 12:00:59 PM CEST 2026
Job finished.
=== JOB_STATISTICS ===
=== current date     : Fri May 22 12:00:59 PM CEST 2026
= Job-ID             : 1626757 on tinygpu
= Job-Name           : hr_periodic_spiking
= Job-Command        : /home/hpc/rlvl/rlvl177v/Thesis/run_periodic_spiking.sh
= Initial workdir    : /home/hpc/rlvl/rlvl177v/Thesis
= Queue/Partition    : a100
= Slurm account      : rlvl with QOS=normal
= Requested resources:  for 08:00:00
= Elapsed runtime    : 00:09:40
= Total RAM usage    : 0.7 GiB of requested  GiB (%)   
= Node list          : tg094
= Subm/Elig/Start/End: 2026-05-22T11:51:19 / 2026-05-22T11:51:19 / 2026-05-22T11:51:19 / 2026-05-22T12:00:59
======================
=== Quota infos ======
    Path                 Used     SoftQ    HardQ    Gracetime  Filec    FileQ    FiHaQ    FileGrace    
    /home/woody             0.0K  1000.0G  1500.0G        N/A       1    5,000K   7,500K        N/A    
    /home/hpc               8.7G   104.9G   209.7G        N/A      56K     500K   1,000K        N/A    
======================
=== GPU utilization ==
gpu_name, gpu_bus_id, pid, gpu_utilization [%], mem_utilization [%], max_memory_usage [MiB], time [ms]
NVIDIA A100-SXM4-40GB, 00000000:C1:00.0, 389111, 39 %, 17 %, 3236 MiB, 16749238 ms
