Traceback (most recent call last):
  File "/home/hpc/rlvl/rlvl177v/Thesis/main.py", line 979, in <module>
    main()
  File "/home/hpc/rlvl/rlvl177v/Thesis/main.py", line 974, in main
    result = run_single_experiment(args)
             ^^^^^^^^^^^^^^^^^^^^^^^^^^^
  File "/home/hpc/rlvl/rlvl177v/Thesis/main.py", line 768, in run_single_experiment
    best_name, best_params, optimizer_summary, optimizer_history = run_all_optimizers(
                                                                   ^^^^^^^^^^^^^^^^^^^
  File "/home/hpc/rlvl/rlvl177v/Thesis/main.py", line 509, in run_all_optimizers
    result = optimize_hyperparameters(loader, neuron_id, optimizer=opt)
             ^^^^^^^^^^^^^^^^^^^^^^^^^^^^^^^^^^^^^^^^^^^^^^^^^^^^^^^^^^
  File "/home/hpc/rlvl/rlvl177v/Thesis/optimize_model.py", line 641, in optimize_hyperparameters
    skopt_opt.tell(x, score)
  File "/home/hpc/rlvl/rlvl177v/Thesis/.conda_env/lib/python3.12/site-packages/skopt/optimizer/optimizer.py", line 570, in tell
    return self._tell(x, y, fit=fit)
           ^^^^^^^^^^^^^^^^^^^^^^^^^
  File "/home/hpc/rlvl/rlvl177v/Thesis/.conda_env/lib/python3.12/site-packages/skopt/optimizer/optimizer.py", line 637, in _tell
    values = _gaussian_acquisition(
             ^^^^^^^^^^^^^^^^^^^^^^
  File "/home/hpc/rlvl/rlvl177v/Thesis/.conda_env/lib/python3.12/site-packages/skopt/acquisition.py", line 59, in _gaussian_acquisition
    func_and_grad = gaussian_ei(X, model, y_opt, xi, return_grad)
                    ^^^^^^^^^^^^^^^^^^^^^^^^^^^^^^^^^^^^^^^^^^^^^
  File "/home/hpc/rlvl/rlvl177v/Thesis/.conda_env/lib/python3.12/site-packages/skopt/acquisition.py", line 299, in gaussian_ei
    mu, std = model.predict(X, return_std=True)
              ^^^^^^^^^^^^^^^^^^^^^^^^^^^^^^^^^
  File "/home/hpc/rlvl/rlvl177v/Thesis/.conda_env/lib/python3.12/site-packages/skopt/learning/gbrt.py", line 119, in predict
    is_present_mask = np.in1d(std_quantiles, self.quantiles)
                      ^^^^^^^
  File "/home/hpc/rlvl/rlvl177v/Thesis/.conda_env/lib/python3.12/site-packages/numpy/__init__.py", line 792, in __getattr__
    raise AttributeError(f"module {__name__!r} has no attribute {attr!r}")
AttributeError: module 'numpy' has no attribute 'in1d'. Did you mean: 'int16'?
