Traceback (most recent call last):
  File "/home/hpc/rlvl/rlvl177v/.local/lib/python3.12/site-packages/sklearn/utils/_tags.py", line 275, in get_tags
    tags = estimator.__sklearn_tags__()
           ^^^^^^^^^^^^^^^^^^^^^^^^^^
AttributeError: 'NoneType' object has no attribute '__sklearn_tags__'

During handling of the above exception, another exception occurred:

Traceback (most recent call last):
  File "/home/hpc/rlvl/rlvl177v/Thesis/main.py", line 979, in <module>
    main()
  File "/home/hpc/rlvl/rlvl177v/Thesis/main.py", line 974, in main
    result = run_single_experiment(args)
             ^^^^^^^^^^^^^^^^^^^^^^^^^^^
  File "/home/hpc/rlvl/rlvl177v/Thesis/main.py", line 768, in run_single_experiment
    best_name, best_params, optimizer_summary, optimizer_history = run_all_optimizers(
                                                                   ^^^^^^^^^^^^^^^^^^^
  File "/home/hpc/rlvl/rlvl177v/Thesis/main.py", line 509, in run_all_optimizers
    result = optimize_hyperparameters(loader, neuron_id, optimizer=opt)
             ^^^^^^^^^^^^^^^^^^^^^^^^^^^^^^^^^^^^^^^^^^^^^^^^^^^^^^^^^^
  File "/home/hpc/rlvl/rlvl177v/Thesis/optimize_model.py", line 582, in optimize_hyperparameters
    skopt_opt = Optimizer(
                ^^^^^^^^^^
  File "/home/hpc/rlvl/rlvl177v/.local/lib/python3.12/site-packages/skopt/optimizer/optimizer.py", line 256, in __init__
    if not is_regressor(base_estimator) and base_estimator is not None:
           ^^^^^^^^^^^^^^^^^^^^^^^^^^^^
  File "/home/hpc/rlvl/rlvl177v/.local/lib/python3.12/site-packages/sklearn/base.py", line 1242, in is_regressor
    return get_tags(estimator).estimator_type == "regressor"
           ^^^^^^^^^^^^^^^^^^^
  File "/home/hpc/rlvl/rlvl177v/.local/lib/python3.12/site-packages/sklearn/utils/_tags.py", line 283, in get_tags
    raise AttributeError(
AttributeError: The following error was raised: 'NoneType' object has no attribute '__sklearn_tags__'. It seems that there are no classes that implement `__sklearn_tags__` in the MRO and/or all classes in the MRO call `super().__sklearn_tags__()`. Make sure to inherit from `BaseEstimator` which implements `__sklearn_tags__` (or alternatively define `__sklearn_tags__` but we don't recommend this approach). Note that `BaseEstimator` needs to be on the right side of other Mixins in the inheritance order.
