### Starting TaskPrologue of job 1519110 on tf069 at Sun Sep 13 09:47:17 AM CEST 2026
Running on cores 0,64 with governor ondemand
No GPU known
### Finished TaskPrologue

I=2.1500 spikes=21 burst=uncertain LLE=-0.00010903036429632815 near zero/converged
I=2.3000 spikes=24 burst=bursting LLE=-0.00017454070479876248 near zero/converged
I=2.4500 spikes=24 burst=bursting LLE=9.828709435221723e-05 near zero/converged
I=2.5000 spikes=24 burst=bursting LLE=5.0835491525864915e-05 uncertain/not_converged
I=2.6200 spikes=27 burst=bursting LLE=5.4592215918407016e-05 near zero/converged
I=2.6800 spikes=28 burst=bursting LLE=-2.107620840548061e-05 near zero/converged
I=2.7500 spikes=31 burst=bursting LLE=-0.000551287819923703 uncertain/not_converged
I=2.9000 spikes=28 burst=bursting LLE=0.00030162689909019486 uncertain/not_converged
wrote /home/hpc/dsnf/dsnf129h/Thesis/chapter2/part2_cross_regime/results/design/targeted_lyapunov_diagnostics.json
=== JOB_STATISTICS ===
=== current date     : Sun Sep 13 09:52:13 AM CEST 2026
= Job-ID             : 1519110 on tinyfat
= Job-Name           : ch2p2_design_diag
= Job-Command        : /home/hpc/dsnf/dsnf129h/Thesis/run_chapter2_part2_cross_regime_design_diagnostics.slurm
= Initial workdir    : /home/hpc/dsnf/dsnf129h/Thesis
= Queue/Partition    : work
= Slurm account      : dsnf with QOS=normal
= Requested resources:  for 00:30:00
= Elapsed runtime    : 00:04:57
= Total RAM usage    : 0.2 GiB of requested  GiB (%)   
= Node list          : tf069
= Subm/Elig/Start/End: 2026-09-13T09:47:16 / 2026-09-13T09:47:16 / 2026-09-13T09:47:16 / 2026-09-13T09:52:13
======================
=== Quota infos ======
    Path                 Used     SoftQ    HardQ    Gracetime  Filec    FileQ    FiHaQ    FileGrace    
    /home/woody             0.0K  1000.0G  1500.0G        N/A       1    5,000K   7,500K        N/A    
    /home/hpc              36.4G   104.9G   209.7G        N/A     121K     500K   1,000K        N/A    
    /home/vault             0.0K  1048.6G  2097.2G        N/A       1      200K     400K        N/A    
======================
