### Starting TaskPrologue of job 1519221 on tf062 at Sun Sep 13 03:43:43 PM CEST 2026
Running on cores 7,71 with governor ondemand
No GPU known
### Finished TaskPrologue

Fitting ensemble of 5 members (seeds=[42, 123, 456, 789, 2026]) at anchor hyperparameters...
Evaluating median-ensemble rollout on all 5 chaotic source currents x 3 windows...
min_vpt_fraction=0.4258 median_vpt_fraction=0.6844 divergence=0 collapse=0 numerical_failure=0 mean_nrmse=0.1479
  I=2.9850 win=1 vpt=8000.0 nrmse=0.01344 diverged=False
  I=2.9850 win=2 vpt=3406.0 nrmse=0.1081 diverged=False
  I=2.9850 win=3 vpt=4793.0 nrmse=0.07733 diverged=False
  I=3.2000 win=1 vpt=5507.0 nrmse=0.4431 diverged=False
  I=3.2000 win=2 vpt=7298.0 nrmse=0.04401 diverged=False
  I=3.2000 win=3 vpt=4241.0 nrmse=0.2166 diverged=False
  I=3.3400 win=1 vpt=3985.0 nrmse=0.07044 diverged=False
  I=3.3400 win=2 vpt=4040.0 nrmse=0.07348 diverged=False
  I=3.3400 win=3 vpt=4044.0 nrmse=0.06595 diverged=False
  I=3.3684 win=1 vpt=4686.0 nrmse=0.0847 diverged=False
  I=3.3684 win=2 vpt=5475.0 nrmse=0.1593 diverged=False
  I=3.3684 win=3 vpt=5969.0 nrmse=0.06616 diverged=False
  I=3.3910 win=1 vpt=5808.0 nrmse=0.2085 diverged=False
  I=3.3910 win=2 vpt=7348.0 nrmse=0.3673 diverged=False
  I=3.3910 win=3 vpt=6657.0 nrmse=0.2206 diverged=False
wrote /home/hpc/dsnf/dsnf129h/Thesis/chapter2/part2_cross_regime/results/chaotic_ensemble/median_ensemble_result.json
PASSES FROZEN GATE: False
=== JOB_STATISTICS ===
=== current date     : Sun Sep 13 03:44:42 PM CEST 2026
= Job-ID             : 1519221 on tinyfat
= Job-Name           : ch2p2_ensemble
= Job-Command        : /home/hpc/dsnf/dsnf129h/Thesis/run_chapter2_part2_cross_regime_chaotic_ensemble.slurm
= Initial workdir    : /home/hpc/dsnf/dsnf129h/Thesis
= Queue/Partition    : work
= Slurm account      : dsnf with QOS=normal
= Requested resources:  for 00:30:00
= Elapsed runtime    : 00:01:00
= Total RAM usage    : 0.3 GiB of requested  GiB (%)   
= Node list          : tf062
= Subm/Elig/Start/End: 2026-09-13T15:43:42 / 2026-09-13T15:43:42 / 2026-09-13T15:43:42 / 2026-09-13T15:44:42
======================
=== Quota infos ======
    Path                 Used     SoftQ    HardQ    Gracetime  Filec    FileQ    FiHaQ    FileGrace    
    /home/woody             0.0K  1000.0G  1500.0G        N/A       1    5,000K   7,500K        N/A    
    /home/hpc              36.5G   104.9G   209.7G        N/A     121K     500K   1,000K        N/A    
    /home/vault             0.0K  1048.6G  2097.2G        N/A       1      200K     400K        N/A    
======================
